// Jest Snapshot v1, https://goo.gl/fbAQLP

exports[`Search Box search box renders correctly 1`] = `[Function]`;
